// Jest Snapshot v1, https://goo.gl/fbAQLP

exports[`NoteItem component tests should render the UI correctly 1`] = `
<DocumentFragment>
  <div
    class="flex xl:flex-row sm:flex-col flex-col bg-gray-300 xl:h-[70px] sm:h-[120px] h-120px my-[30px] xl:w-[95%] sm:w-[70%] w-[80%] mx-auto rounded-xl xl:items-center sm:justify-evenly justify-evenlyr"
  >
    <div
      class="xl:w-[33.33%] ml-[5px]"
    >
      TITLE:  My Notes
    </div>
    <div
      class="sm:text-center xl:w-[33.33%] xl:ml-0 sm:ml-0 ml-[5px]"
    >
      DATE:  19-09-2022
    </div>
    <div
      class="sm:text-right xl:w-[33.33%] xl:ml-0 sm:ml-0 ml-[5px]"
    >
      RELEVANCE:  Not relevant
    </div>
  </div>
</DocumentFragment>
`;
